I+1/2P b=3         h=1.5000 c=1.125000 ADMISSIBLE  (0.0s)
I+3/5P b=3         h=1.6000 c=1.216000 ADMISSIBLE  (0.0s)
I+2/3P b=3         h=1.6667 c=1.296296 ADMISSIBLE  (0.0s)
I+3/4P b=3         h=1.7500 c=1.421875 ADMISSIBLE  (0.0s)
I+4/5P b=3         h=1.8000 c=1.512000 ADMISSIBLE  (0.0s)
I+5/6P b=3         h=1.8333 c=1.578704 ADMISSIBLE  (0.0s)
I+9/10P b=3        h=1.9000 c=1.729000 ADMISSIBLE  (0.0s)
I+aP+bP² a=1/2 b=1/4 b=3       h=1.7500 c=0.765625 no: cube violated by z=(-1, 0, 1)  (0.0s)
I+aP+bP⁻¹ a=1/2 b=1/4 b=3      h=1.7500 c=0.765625 no: cube violated by z=(-1, 0, 1)  (0.0s)
I+aP+bP² a=1/2 b=1/2 b=3       h=2.0000 c=0.500000 no: cube violated by z=(-1, 0, 1)  (0.0s)
I+aP+bP⁻¹ a=1/2 b=1/2 b=3      h=2.0000 c=0.500000 no: cube violated by z=(-1, 0, 1)  (0.0s)
I+aP+bP² a=2/3 b=1/3 b=3       h=2.0000 c=0.666667 no: cube violated by z=(-1, 0, 1)  (0.0s)
I+aP+bP⁻¹ a=2/3 b=1/3 b=3      h=2.0000 c=0.666667 no: cube violated by z=(-1, 0, 1)  (0.0s)
I+aP+bP² a=1/2 b=-1/4 b=3      h=1.2500 c=1.484375 no: strip violated by z=(-1, 1, 0), t∈(1.000,1.500)  (0.0s)
I+aP+bP⁻¹ a=1/2 b=-1/4 b=3     h=1.2500 c=1.484375 no: strip violated by z=(-1, 1, 0), t∈(1.000,1.500)  (0.0s)
I+aP+bP² a=3/4 b=1/4 b=3       h=2.0000 c=0.875000 no: cube violated by z=(-1, 0, 1)  (0.0s)
I+aP+bP⁻¹ a=3/4 b=1/4 b=3      h=2.0000 c=0.875000 no: cube violated by z=(-1, 0, 1)  (0.0s)
I+1/2P b=5         h=1.5000 c=1.031250 ADMISSIBLE  (0.1s)
I+3/5P b=5         h=1.6000 c=1.077760 ADMISSIBLE  (0.1s)
I+2/3P b=5         h=1.6667 c=1.131687 ADMISSIBLE  (0.1s)
I+3/4P b=5         h=1.7500 c=1.237305 ADMISSIBLE  (0.1s)
I+4/5P b=5         h=1.8000 c=1.327680 ADMISSIBLE  (0.2s)
I+5/6P b=5         h=1.8333 c=1.401878 ADMISSIBLE  (0.2s)
I+9/10P b=5        h=1.9000 c=1.590490 ADMISSIBLE  (0.2s)
I+aP+bP² a=1/2 b=1/4 b=5       h=1.7500 c=1.032227 no: cube violated by z=(-1, 0, 1, -1, 1)  (0.0s)
I+aP+bP⁻¹ a=1/2 b=1/4 b=5      h=1.7500 c=0.485352 no: cube violated by z=(-1, 0, 0, 0, 1)  (0.0s)
I+aP+bP² a=1/2 b=1/2 b=5       h=2.0000 c=1.375000 ADMISSIBLE  (0.2s)
I+aP+bP⁻¹ a=1/2 b=1/2 b=5      h=2.0000 c=0.125000 no: cube violated by z=(-3, 2, 0, -2, 3)  (0.1s)
I+aP+bP² a=2/3 b=1/3 b=5       h=2.0000 c=1.012346 no: cube violated by z=(-1, 0, 1, -1, 1)  (0.0s)
I+aP+bP⁻¹ a=2/3 b=1/3 b=5      h=2.0000 c=0.271605 no: cube violated by z=(-2, 1, 0, -1, 2)  (0.0s)
I+aP+bP² a=1/2 b=-1/4 b=5      h=1.2500 c=1.342773 no: strip violated by z=(-2, 0, 1, 0, 1), t∈(1.250,2.000)  (0.6s)
I+aP+bP⁻¹ a=1/2 b=-1/4 b=5     h=1.2500 c=1.733398 no: strip violated by z=(-1, 1, 0, 0, 0), t∈(1.000,1.500)  (0.1s)
I+aP+bP² a=3/4 b=1/4 b=5       h=2.0000 c=0.945312 no: cube violated by z=(-1, 0, 1, -1, 1)  (0.0s)
I+aP+bP⁻¹ a=3/4 b=1/4 b=5      h=2.0000 c=0.476562 no: cube violated by z=(-2, 1, 0, -1, 2)  (0.0s)
I+1/2P b=7         h=1.5000 c=1.007812 ADMISSIBLE  (0.8s)
I+3/5P b=7         h=1.6000 c=1.027994 ADMISSIBLE  (1.6s)
I+2/3P b=7         h=1.6667 c=1.058528 ADMISSIBLE  (1.6s)
I+3/4P b=7         h=1.7500 c=1.133484 ADMISSIBLE  (2.5s)
I+4/5P b=7         h=1.8000 c=1.209715 ADMISSIBLE  (2.7s)
I+5/6P b=7         h=1.8333 c=1.279082 ADMISSIBLE  (3.3s)
I+9/10P b=7        h=1.9000 c=1.478297 ADMISSIBLE  (3.7s)
I+aP+bP² a=1/2 b=1/4 b=7       h=1.7500 c=1.007874 no: cube violated by z=(-1, 0, 1, -1, 0, 1, 0)  (0.0s)
I+aP+bP⁻¹ a=1/2 b=1/4 b=7      h=1.7500 c=0.337952 no: cube violated by z=(-1, 0, -1, 1, 0, 0, 1)  (0.1s)
I+aP+bP² a=1/2 b=1/2 b=7       h=2.0000 c=0.906250 no: cube violated by z=(-1, 0, 1, -1, 0, 1, 0)  (0.0s)
I+aP+bP⁻¹ a=1/2 b=1/2 b=7      h=2.0000 c=0.031250 no: cube violated by z=(-6, 5, -3, 0, 3, -5, 6)  (3.9s)
I+aP+bP² a=2/3 b=1/3 b=7       h=2.0000 c=1.039781 no: cube violated by z=(-1, 0, 1, -1, 0, 1, 0)  (0.0s)
I+aP+bP⁻¹ a=2/3 b=1/3 b=7      h=2.0000 c=0.117970 no: cube violated by z=(-3, 2, -1, 0, 1, -2, 3)  (0.9s)
I+aP+bP² a=1/2 b=-1/4 b=7      h=1.2500 c=1.226501 no: strip violated by z=(-3, 0, 1, 0, 1, 0, 1), t∈(2.250,3.000)  (23.5s)
I+aP+bP⁻¹ a=1/2 b=-1/4 b=7     h=1.2500 c=2.115173 no: strip violated by z=(-1, 1, 0, 0, 0, 0, 0), t∈(1.000,1.500)  (3.0s)
I+aP+bP² a=3/4 b=1/4 b=7       h=2.0000 c=1.005371 no: cube violated by z=(-1, 0, 1, -1, 0, 1, 0)  (0.0s)
I+aP+bP⁻¹ a=3/4 b=1/4 b=7      h=2.0000 c=0.267090 no: cube violated by z=(-3, 2, -1, 0, 1, -2, 3)  (0.5s)
I+1/2P b=9         h=1.5000 c=1.001953 ADMISSIBLE  (4.6s)
I+3/5P b=9         h=1.6000 c=1.010078 ADMISSIBLE  (14.3s)
I+2/3P b=9         h=1.6667 c=1.026012 ADMISSIBLE  (14.4s)
I+3/4P b=9         h=1.7500 c=1.075085 ADMISSIBLE  (25.2s)
I+4/5P b=9         h=1.8000 c=1.134218 ADMISSIBLE  (33.2s)
I+5/6P b=9         h=1.8333 c=1.193807 ADMISSIBLE  (39.6s)
I+9/10P b=9        h=1.9000 c=1.387420 ADMISSIBLE  (49.9s)
I+aP+bP² a=1/2 b=1/4 b=9       h=1.7500 c=0.996098 no: cube violated by z=(-1, 0, 1, -1, 0, 1, -1, 0, 1)  (0.0s)
I+aP+bP⁻¹ a=1/2 b=1/4 b=9      h=1.7500 c=0.242435 no: cube violated by z=(-1, 0, -1, 1, -1, 1, 0, 0, 1)  (0.3s)
I+aP+bP² a=1/2 b=1/2 b=9       h=2.0000 c=0.992188 no: cube violated by z=(-1, 0, 1, -1, 0, 1, -1, 0, 1)  (0.1s)
I+aP+bP⁻¹ a=1/2 b=1/2 b=9      h=2.0000 c=0.007812 no: cube violated by z=(-10, 9, -7, 4, 0, -4, 7, -9, 10)  (124.8s)
I+aP+bP² a=2/3 b=1/3 b=9       h=2.0000 c=0.990398 no: cube violated by z=(-1, 0, 1, -1, 0, 1, -1, 0, 1)  (0.1s)
I+aP+bP⁻¹ a=2/3 b=1/3 b=9      h=2.0000 c=0.052126 no: cube violated by z=(-4, 3, -2, 1, 0, -1, 2, -3, 4)  (14.3s)
I+aP+bP² a=1/2 b=-1/4 b=9      h=1.2500 c=1.148434 no: strip violated by z=(-4, 0, 1, 0, 1, 0, 1, 0, 1), t∈(3.250,4.000)  (305.9s)
I+aP+bP⁻¹ a=1/2 b=-1/4 b=9     h=1.2500 c=2.609615 no: strip violated by z=(-1, 1, 0, 0, 0, 0, 0, 0, 0), t∈(1.000,1.500)  (29.8s)
I+aP+bP² a=3/4 b=1/4 b=9       h=2.0000 c=1.003815 no: cube violated by z=(-1, 0, 1, -1, 0, 1, -1, 0, 1)  (0.1s)
I+aP+bP⁻¹ a=3/4 b=1/4 b=9      h=2.0000 c=0.150177 no: cube violated by z=(-4, 3, -2, 1, 0, -1, 2, -3, 4)  (9.1s)
I+1/2P b=11        h=1.5000 c=1.000488 ADMISSIBLE  (20.5s)
I+3/5P b=11        h=1.6000 c=1.003628 ADMISSIBLE  (92.2s)
I+2/3P b=11        h=1.6667 c=1.011561 ADMISSIBLE  (106.6s)
I+3/4P b=11        h=1.7500 c=1.042235 ADMISSIBLE  (219.3s)
I+4/5P b=11        h=1.8000 c=1.085899 ADMISSIBLE  (388.3s)
I+5/6P b=11        h=1.8333 c=1.134588 ADMISSIBLE  (1466.2s)
I+9/10P b=11       h=1.9000 c=1.313811 ADMISSIBLE  (605.3s)
I+aP+bP² a=1/2 b=1/4 b=11      h=1.7500 c=1.000489 no: cube violated by z=(-1, 0, 1, -1, 0, 1, -1, 0, 1, -1, 1)  (0.2s)
I+aP+bP⁻¹ a=1/2 b=1/4 b=11     h=1.7500 c=0.175690 no: cube violated by z=(-1, 0, -1, 1, -1, 0, 1, -1, 1, 0, 1)  (2.1s)
I+aP+bP² a=1/2 b=1/2 b=11      h=2.0000 c=1.033203 no: cube violated by z=(-1, 0, 1, -1, 0, 1, 0, -1, 0, 1, 0)  (0.2s)
I+aP+bP⁻¹ a=1/2 b=1/2 b=11     h=2.0000 c=0.001953 no: cube violated by z=(-15, 14, -12, 9, -5, 0, 5, -9, 12, -14, 15)  (7196.0s)
I+aP+bP² a=2/3 b=1/3 b=11      h=2.0000 c=0.997782 no: cube violated by z=(-1, 0, 1, -1, 0, 1, -1, 0, 1, -1, 1)  (0.6s)
I+aP+bP⁻¹ a=2/3 b=1/3 b=11     h=2.0000 c=0.023133 no: cube violated by z=(-5, 4, -3, 2, -1, 0, 1, -2, 3, -4, 5)  (381.2s)
I+aP+bP² a=1/2 b=-1/4 b=11     h=1.2500 c=1.097168 no: strip violated by z=(-5, 0, 1, 0, 1, 0, 1, 0, 1, 0, 1), t∈(4.250,5.000)  (3920.3s)
I+aP+bP⁻¹ a=1/2 b=-1/4 b=11    h=1.2500 c=3.227142 no: strip violated by z=(-1, 1, 0, 0, 0, 0, 0, 0, 0, 0, 0), t∈(1.000,1.500)  (146.9s)
I+aP+bP² a=3/4 b=1/4 b=11      h=2.0000 c=0.999907 no: cube violated by z=(-1, 0, 1, -1, 0, 1, -1, 0, 1, -1, 1)  (0.4s)
I+aP+bP⁻¹ a=3/4 b=1/4 b=11     h=2.0000 c=0.084471 no: cube violated by z=(-5, 4, -3, 2, -1, 0, 1, -2, 3, -4, 5)  (86.5s)

=== admissible gadgets: Δ_s and whether they beat Bohman (f < 0.44004)
I+1/2P b=3                     h=1.5000 c=1.125000:  s=2 d=9 Δ=0.7119  s=3 d=27 Δ=1.3700  s=4 d=81 Δ=21.9652 
I+3/5P b=3                     h=1.6000 c=1.216000:  s=2 d=9 Δ=0.8541  s=3 d=27 Δ=3.1030  s=4 d=81 Δ=380.9457 
I+2/3P b=3                     h=1.6667 c=1.296296:  s=2 d=9 Δ=1.0165  s=3 d=27 Δ=6.3039  s=4 d=81 Δ=4176.1512 
I+3/4P b=3                     h=1.7500 c=1.421875:  s=2 d=9 Δ=1.3347  s=3 d=27 Δ=18.1169  s=4 d=81 Δ=138772.8600 
I+4/5P b=3                     h=1.8000 c=1.512000:  s=2 d=9 Δ=1.6131  s=3 d=27 Δ=37.0131  s=4 d=81 Δ=1448710.5613 
I+5/6P b=3                     h=1.8333 c=1.578704:  s=2 d=9 Δ=1.8481  s=3 d=27 Δ=61.4022  s=4 d=81 Δ=7569363.7249 
I+9/10P b=3                    h=1.9000 c=1.729000:  s=2 d=9 Δ=2.4756  s=3 d=27 Δ=179.9178  s=4 d=81 Δ=249336194.7205 
I+1/2P b=5                     h=1.5000 c=1.031250:  s=2 d=25 Δ=0.5346  s=3 d=125 Δ=0.7691  s=4 d=625 Δ=24.0112 
I+3/5P b=5                     h=1.6000 c=1.077760:  s=2 d=25 Δ=0.6122  s=3 d=125 Δ=2.4878  s=4 d=625 Δ=18070.1438 
I+2/3P b=5                     h=1.6667 c=1.131687:  s=2 d=25 Δ=0.7562  s=3 d=125 Δ=9.9994  s=4 d=625 Δ=31183622.0231 
I+3/4P b=5                     h=1.7500 c=1.237305:  s=2 d=25 Δ=1.1716  s=3 d=125 Δ=137.2974  s=4 d=625 Δ=28458138670174.9219 
I+4/5P b=5                     h=1.8000 c=1.327680:  s=2 d=25 Δ=1.6905  s=3 d=125 Δ=1122.2207  s=4 d=625 Δ=1518736500986382592.0000 
I+5/6P b=5                     h=1.8333 c=1.401878:  s=2 d=25 Δ=2.2583  s=3 d=125 Δ=5731.7655  s=4 d=625 Δ=6820370166428093906944.0000 
I+9/10P b=5                    h=1.9000 c=1.590490:  s=2 d=25 Δ=4.4841  s=3 d=125 Δ=257749.8531  s=4 d=625 Δ=2107718879820079629249435140096.0000 
I+aP+bP² a=1/2 b=1/2 b=5       h=2.0000 c=1.375000:  s=2 d=25 Δ=1.6895  s=3 d=125 Δ=2422.6666  s=4 d=625 Δ=235017894571715231744.0000 
I+1/2P b=7                     h=1.5000 c=1.007812:  s=2 d=49 Δ=0.4730  s=3 d=343 Δ=0.4617  s=4 d=2401 Δ=4.4415 
I+3/5P b=7                     h=1.6000 c=1.027994:  s=2 d=49 Δ=0.4872  s=3 d=343 Δ=1.1779  s=4 d=2401 Δ=9542.9889 
I+2/3P b=7                     h=1.6667 c=1.058528:  s=2 d=49 Δ=0.5674  s=3 d=343 Δ=5.5269  s=4 d=2401 Δ=985121796.1074 
I+3/4P b=7                     h=1.7500 c=1.133484:  s=2 d=49 Δ=0.8897  s=3 d=343 Δ=235.8093  s=4 d=2401 Δ=622283213259363188736.0000 
I+4/5P b=7                     h=1.8000 c=1.209715:  s=2 d=49 Δ=1.4155  s=3 d=343 Δ=8853.6291  s=4 d=2401 Δ=112762580624251920763356308307968.0000 
I+5/6P b=7                     h=1.8333 c=1.279082:  s=2 d=49 Δ=2.1316  s=3 d=343 Δ=201130.0429  s=4 d=2401 Δ=508558926696185620020442757590913510277120.0000 
I+9/10P b=7                    h=1.9000 c=1.478297:  s=2 d=49 Δ=6.3181  s=3 d=343 Δ=692076606.7760  s=4 d=2401 Δ=6161012219915113103055444484238479780015334455795365754182987415552.0000 
I+1/2P b=9                     h=1.5000 c=1.001953:  s=2 d=81 Δ=0.4532  s=3 d=729 Δ=0.3539* s=4 d=6561 Δ=0.9784 
I+3/5P b=9                     h=1.6000 c=1.010078:  s=2 d=81 Δ=0.4318* s=3 d=729 Δ=0.6080  s=4 d=6561 Δ=568.1209 
I+2/3P b=9                     h=1.6667 c=1.026012:  s=2 d=81 Δ=0.4654  s=3 d=729 Δ=2.2353  s=4 d=6561 Δ=181012399.4708 
I+3/4P b=9                     h=1.7500 c=1.075085:  s=2 d=81 Δ=0.6735  s=3 d=729 Δ=135.5718  s=4 d=6561 Δ=6469070747893270692495360.0000 
I+4/5P b=9                     h=1.8000 c=1.134218:  s=2 d=81 Δ=1.0875  s=3 d=729 Δ=16276.3760  s=4 d=6561 Δ=67605725276056351357745956788031581816094720.0000 
I+5/6P b=9                     h=1.8333 c=1.193807:  s=2 d=81 Δ=1.7493  s=3 d=729 Δ=1626562.5384  s=4 d=6561 Δ=107875768730372710076241600310987837015407860743513492475084800.0000 
I+9/10P b=9                    h=1.9000 c=1.387420:  s=2 d=81 Δ=7.3211  s=3 d=729 Δ=1272555221708.2097  s=4 d=6561 Δ=31306222083163183134565079635675494481962575005562701405774321916975547208264201545929721729565192680131955582304256.0000 
I+1/2P b=11                    h=1.5000 c=1.000488:  s=2 d=121 Δ=0.4471  s=3 d=1331 Δ=0.3162* s=4 d=14641 Δ=0.4037*
I+3/5P b=11                    h=1.6000 c=1.003628:  s=2 d=121 Δ=0.4080* s=3 d=1331 Δ=0.3952* s=4 d=14641 Δ=30.6221 
I+2/3P b=11                    h=1.6667 c=1.011561:  s=2 d=121 Δ=0.4132* s=3 d=1331 Δ=0.9963  s=4 d=14641 Δ=2636443.0343 
I+3/4P b=11                    h=1.7500 c=1.042235:  s=2 d=121 Δ=0.5364  s=3 d=1331 Δ=45.7431  s=4 d=14641 Δ=21362269376861862851772416.0000 
I+4/5P b=11                    h=1.8000 c=1.085899:  s=2 d=121 Δ=0.8297  s=3 d=1331 Δ=9867.2356  s=4 d=14641 Δ=2370514996011996708088623136422163264818523641217024.0000 
I+5/6P b=11                    h=1.8333 c=1.134588:  s=2 d=121 Δ=1.3539  s=3 d=1331 Δ=3189728.3467  s=4 d=14641 Δ=16987538975627657602864611095005168375666890270198195568636391155888805038260224.0000 
I+9/10P b=11                   h=1.9000 c=1.313811:  s=2 d=121 Δ=7.3263  s=3 d=1331 Δ=848391490199307.3750  s=4 d=14641 Δ=26118397561339339228998488134286427369291217909259380084456119133602793996416486711788949084326478766169167777427840264434849672224376494133096068142254796330946582009610240.0000 
