d =   121  k = 20   C_d ≥ 2^(k(d-1))/max a = 1.990311   (f = 0.502434)
d =   121  k = 22   C_d ≥ 2^(k(d-1))/max a = 2.336018   (f = 0.428079)
d =   121  k = 24   C_d ≥ 2^(k(d-1))/max a = 2.417657   (f = 0.413624)
d =   121  k = 28   C_d ≥ 2^(k(d-1))/max a = 2.450318   (f = 0.408110)
d =   121  k = 20   C_d ≥ 2^(k(d-1))/max a = 1.990311   (f = 0.502434)
d =   121  k = 22   C_d ≥ 2^(k(d-1))/max a = 2.336018   (f = 0.428079)
d =   121  k = 24   C_d ≥ 2^(k(d-1))/max a = 2.417657   (f = 0.413624)
d =   121  k = 28   C_d ≥ 2^(k(d-1))/max a = 2.450318   (f = 0.408110)
d =   121  k = 18   C_d ≥ 2^(k(d-1))/max a = 2.183972   (f = 0.457881)
d =   121  k = 20   C_d ≥ 2^(k(d-1))/max a = 2.359400   (f = 0.423837)
d =   121  k = 22   C_d ≥ 2^(k(d-1))/max a = 2.404816   (f = 0.415832)
d =   121  k = 24   C_d ≥ 2^(k(d-1))/max a = 2.415996   (f = 0.413908)
d =   121  k = 28   C_d ≥ 2^(k(d-1))/max a = 2.419636   (f = 0.413285)
d =   121  k = 18   C_d ≥ 2^(k(d-1))/max a = 2.183972   (f = 0.457881)
d =   121  k = 20   C_d ≥ 2^(k(d-1))/max a = 2.359400   (f = 0.423837)
d =   121  k = 22   C_d ≥ 2^(k(d-1))/max a = 2.404816   (f = 0.415832)
d =   121  k = 24   C_d ≥ 2^(k(d-1))/max a = 2.415996   (f = 0.413908)
d =   121  k = 28   C_d ≥ 2^(k(d-1))/max a = 2.419636   (f = 0.413285)
d =  1331  k = 28   C_d ≥ 2^(k(d-1))/max a = 3.116297   (f = 0.320894)
d =  1331  k = 30   C_d ≥ 2^(k(d-1))/max a = 3.151138   (f = 0.317346)
d =  1331  k = 32   C_d ≥ 2^(k(d-1))/max a = 3.159909   (f = 0.316465)
d =  1331  k = 34   C_d ≥ 2^(k(d-1))/max a = 3.162106   (f = 0.316245)
d =   169  k = 20   C_d ≥ 2^(k(d-1))/max a = 2.442082   (f = 0.409487)
d =   169  k = 22   C_d ≥ 2^(k(d-1))/max a = 2.549141   (f = 0.392289)
d =   169  k = 24   C_d ≥ 2^(k(d-1))/max a = 2.576403   (f = 0.388138)
d =   169  k = 28   C_d ≥ 2^(k(d-1))/max a = 2.584880   (f = 0.386865)
d =   169  k = 20   C_d ≥ 2^(k(d-1))/max a = 2.442082   (f = 0.409487)
d =   169  k = 22   C_d ≥ 2^(k(d-1))/max a = 2.549141   (f = 0.392289)
d =   169  k = 24   C_d ≥ 2^(k(d-1))/max a = 2.576403   (f = 0.388138)
d =   169  k = 28   C_d ≥ 2^(k(d-1))/max a = 2.584880   (f = 0.386865)
d =  2197  k = 36   C_d ≥ 2^(k(d-1))/max a = 3.441898   (f = 0.290537)
d =  2197  k = 36   C_d ≥ 2^(k(d-1))/max a = 3.441898   (f = 0.290537)
d =  2197  k = 36   C_d ≥ 2^(k(d-1))/max a = 3.299903   (f = 0.303039)
d =    81  k = 16   C_d ≥ 2^(k(d-1))/max a = 1.678352   (f = 0.595822)
d =    81  k = 18   C_d ≥ 2^(k(d-1))/max a = 2.141639   (f = 0.466932)
d =    81  k = 20   C_d ≥ 2^(k(d-1))/max a = 2.272137   (f = 0.440114)
d =    81  k = 22   C_d ≥ 2^(k(d-1))/max a = 2.304902   (f = 0.433858)
d =    81  k = 24   C_d ≥ 2^(k(d-1))/max a = 2.312892   (f = 0.432359)
d =    81  k = 28   C_d ≥ 2^(k(d-1))/max a = 2.315584   (f = 0.431857)
d =    81  k = 16   C_d ≥ 2^(k(d-1))/max a = 1.678352   (f = 0.595822)
d =    81  k = 18   C_d ≥ 2^(k(d-1))/max a = 2.141639   (f = 0.466932)
d =    81  k = 20   C_d ≥ 2^(k(d-1))/max a = 2.272137   (f = 0.440114)
d =    81  k = 22   C_d ≥ 2^(k(d-1))/max a = 2.304902   (f = 0.433858)
d =    81  k = 24   C_d ≥ 2^(k(d-1))/max a = 2.312892   (f = 0.432359)
d =    81  k = 28   C_d ≥ 2^(k(d-1))/max a = 2.315584   (f = 0.431857)
d =   729  k = 24   C_d ≥ 2^(k(d-1))/max a = 2.641885   (f = 0.378518)
d =   729  k = 26   C_d ≥ 2^(k(d-1))/max a = 2.778742   (f = 0.359875)
d =   729  k = 28   C_d ≥ 2^(k(d-1))/max a = 2.814051   (f = 0.355360)
d =   729  k = 32   C_d ≥ 2^(k(d-1))/max a = 2.825178   (f = 0.353960)

best verified bound per dimension:
  C_81 ≥ 2.315584  (k = 28)
  C_121 ≥ 2.450318  (k = 28)
  C_169 ≥ 2.584880  (k = 28)
  C_729 ≥ 2.825178  (k = 32)
  C_1331 ≥ 3.162106  (k = 34)
  C_2197 ≥ 3.441898  (k = 36)

for comparison: Schinzel C_d ≥ 1 for all d; Bohman's sets give C_d ≥ 1/0.44004 = 2.2725 for all large d; Bombieri–Vaaler C_d ≪ √d.
wrote siegel.json
