verify ../../certs/erdos1/cert-b11-s3.json.gz: b=11 s=3 d=1331 r=1330 D=8 alpha=1/2
  [PASS] V0 D = denominator(α)^s 
  [PASS] V1a basis lies in the zero-sum hyperplane 
  [PASS] V1b D·B integral 
  [PASS] V1c |det A| matches certificate 3989 bits
  [PASS] V2a H upper triangular, positive diagonal 
  [PASS] V2b columns of A' lie in col-lattice(H) 
  [PASS] V2c columns of H lie in col-lattice(A') 
  [69.2s] lattice equality done
  [PASS] V5 certificate K ≥ D·‖E H⁻¹‖∞ K=2984.15
  [82.2s] buffer done
 instance k=28: n=37268 t=33554806
  [PASS] V6 D·t − K ≥ 2^k 
  [PASS] V3 minor (rows 1..r) of C = S⁻¹M has det ±1 ⇒ col-lattice(M) saturated det=1
  [PASS] V4a nullity of Mᵀ is 1 nullity=1
  [PASS] V4b primitive kernel generator equals a 
  [PASS] V7a all a_i > 0 and distinct 
  [PASS] V7b n = (r+1)k 
  [PASS] V7c ratio matches certificate N/2^n = 0.160447
  [BEATS BOHMAN] N/2^n = 0.160447 vs 0.22002
  [519.7s] instance done
 instance k=30: n=39930 t=134218102
  [PASS] V6 D·t − K ≥ 2^k 
  [PASS] V3 minor (rows 1..r) of C = S⁻¹M has det ±1 ⇒ col-lattice(M) saturated det=1
  [PASS] V4a nullity of Mᵀ is 1 nullity=1
  [PASS] V4b primitive kernel generator equals a 
  [PASS] V7a all a_i > 0 and distinct 
  [PASS] V7b n = (r+1)k 
  [PASS] V7c ratio matches certificate N/2^n = 0.158673
  [BEATS BOHMAN] N/2^n = 0.158673 vs 0.22002
  [1024.5s] instance done
 instance k=32: n=42592 t=536871286
  [PASS] V6 D·t − K ≥ 2^k 
  [PASS] V3 minor (rows 1..r) of C = S⁻¹M has det ±1 ⇒ col-lattice(M) saturated det=1
  [PASS] V4a nullity of Mᵀ is 1 nullity=1
  [PASS] V4b primitive kernel generator equals a 
  [PASS] V7a all a_i > 0 and distinct 
  [PASS] V7b n = (r+1)k 
  [PASS] V7c ratio matches certificate N/2^n = 0.158232
  [BEATS BOHMAN] N/2^n = 0.158232 vs 0.22002
  [1550.8s] instance done
 instance k=34: n=45254 t=2147484022
  [PASS] V6 D·t − K ≥ 2^k 
  [PASS] V3 minor (rows 1..r) of C = S⁻¹M has det ±1 ⇒ col-lattice(M) saturated det=1
  [PASS] V4a nullity of Mᵀ is 1 nullity=1
  [PASS] V4b primitive kernel generator equals a 
  [PASS] V7a all a_i > 0 and distinct 
  [PASS] V7b n = (r+1)k 
  [PASS] V7c ratio matches certificate N/2^n = 0.158122
  [BEATS BOHMAN] N/2^n = 0.158122 vs 0.22002
  [2062.2s] instance done
OVERALL: ALL CHECKS PASSED
