two-population regime sweep: sigma=0.5 cs=1 A=1 N=16 nu=1.02
atlas: 301 x 31 seeds, segregated branch present at 2573 nodes
  200 cells, 14s, {"MULTIPLE":0,"UNIQUE":24,"UNDECIDED":175}
  400 cells, 27s, {"MULTIPLE":0,"UNIQUE":24,"UNDECIDED":348}
  600 cells, 40s, {"MULTIPLE":0,"UNIQUE":24,"UNDECIDED":539}
  800 cells, 54s, {"MULTIPLE":0,"UNIQUE":24,"UNDECIDED":739}
  1000 cells, 68s, {"MULTIPLE":0,"UNIQUE":24,"UNDECIDED":939}
  1200 cells, 82s, {"MULTIPLE":0,"UNIQUE":24,"UNDECIDED":1139}
  1400 cells, 96s, {"MULTIPLE":0,"UNIQUE":24,"UNDECIDED":1339}
  1600 cells, 110s, {"MULTIPLE":0,"UNIQUE":24,"UNDECIDED":1539}
  1800 cells, 124s, {"MULTIPLE":0,"UNIQUE":24,"UNDECIDED":1700}
  2000 cells, 137s, {"MULTIPLE":0,"UNIQUE":24,"UNDECIDED":1860}
  2200 cells, 151s, {"MULTIPLE":0,"UNIQUE":24,"UNDECIDED":2020}
  2400 cells, 165s, {"MULTIPLE":0,"UNIQUE":24,"UNDECIDED":2180}
  2600 cells, 179s, {"MULTIPLE":0,"UNIQUE":24,"UNDECIDED":2340}
  2800 cells, 193s, {"MULTIPLE":0,"UNIQUE":24,"UNDECIDED":2500}
  3000 cells, 207s, {"MULTIPLE":0,"UNIQUE":24,"UNDECIDED":2660}
  3200 cells, 222s, {"MULTIPLE":0,"UNIQUE":24,"UNDECIDED":2820}
  3400 cells, 236s, {"MULTIPLE":0,"UNIQUE":24,"UNDECIDED":2980}
  3600 cells, 250s, {"MULTIPLE":0,"UNIQUE":24,"UNDECIDED":3140}
  3800 cells, 263s, {"MULTIPLE":0,"UNIQUE":24,"UNDECIDED":3300}
  4000 cells, 276s, {"MULTIPLE":0,"UNIQUE":24,"UNDECIDED":3460}
  4200 cells, 289s, {"MULTIPLE":0,"UNIQUE":24,"UNDECIDED":3620}
  4400 cells, 302s, {"MULTIPLE":0,"UNIQUE":24,"UNDECIDED":3780}
  4600 cells, 316s, {"MULTIPLE":0,"UNIQUE":24,"UNDECIDED":3940}
  4800 cells, 329s, {"MULTIPLE":0,"UNIQUE":24,"UNDECIDED":4100}
  5000 cells, 342s, {"MULTIPLE":0,"UNIQUE":24,"UNDECIDED":4260}
  5200 cells, 355s, {"MULTIPLE":0,"UNIQUE":24,"UNDECIDED":4420}
  5400 cells, 369s, {"MULTIPLE":0,"UNIQUE":24,"UNDECIDED":4580}
  5600 cells, 382s, {"MULTIPLE":0,"UNIQUE":24,"UNDECIDED":4740}
  5800 cells, 395s, {"MULTIPLE":0,"UNIQUE":24,"UNDECIDED":4900}
  6000 cells, 408s, {"MULTIPLE":0,"UNIQUE":24,"UNDECIDED":5060}
  6200 cells, 421s, {"MULTIPLE":0,"UNIQUE":24,"UNDECIDED":5220}
  6400 cells, 436s, {"MULTIPLE":0,"UNIQUE":24,"UNDECIDED":5380}
  6600 cells, 450s, {"MULTIPLE":0,"UNIQUE":24,"UNDECIDED":5540}
  6800 cells, 466s, {"MULTIPLE":0,"UNIQUE":24,"UNDECIDED":5700}
  7000 cells, 482s, {"MULTIPLE":0,"UNIQUE":24,"UNDECIDED":5860}
  7200 cells, 498s, {"MULTIPLE":0,"UNIQUE":24,"UNDECIDED":6020}
  7400 cells, 516s, {"MULTIPLE":0,"UNIQUE":24,"UNDECIDED":6180}
  7600 cells, 534s, {"MULTIPLE":0,"UNIQUE":24,"UNDECIDED":6340}
  7800 cells, 551s, {"MULTIPLE":0,"UNIQUE":24,"UNDECIDED":6500}
  8000 cells, 571s, {"MULTIPLE":0,"UNIQUE":24,"UNDECIDED":6660}
  8200 cells, 591s, {"MULTIPLE":0,"UNIQUE":24,"UNDECIDED":6820}
  8400 cells, 609s, {"MULTIPLE":0,"UNIQUE":24,"UNDECIDED":6980}
  8600 cells, 630s, {"MULTIPLE":0,"UNIQUE":24,"UNDECIDED":7140}
  8800 cells, 652s, {"MULTIPLE":0,"UNIQUE":24,"UNDECIDED":7300}
  9000 cells, 673s, {"MULTIPLE":0,"UNIQUE":24,"UNDECIDED":7460}
  9200 cells, 694s, {"MULTIPLE":0,"UNIQUE":24,"UNDECIDED":7620}
  9400 cells, 718s, {"MULTIPLE":0,"UNIQUE":24,"UNDECIDED":7780}
  9600 cells, 739s, {"MULTIPLE":0,"UNIQUE":24,"UNDECIDED":7940}
  9800 cells, 762s, {"MULTIPLE":0,"UNIQUE":24,"UNDECIDED":8100}
  10000 cells, 785s, {"MULTIPLE":0,"UNIQUE":24,"UNDECIDED":8260}
  10200 cells, 807s, {"MULTIPLE":0,"UNIQUE":24,"UNDECIDED":8420}
  10400 cells, 831s, {"MULTIPLE":0,"UNIQUE":24,"UNDECIDED":8580}
  10600 cells, 855s, {"MULTIPLE":5,"UNIQUE":24,"UNDECIDED":8735}
  10800 cells, 878s, {"MULTIPLE":5,"UNIQUE":24,"UNDECIDED":8895}
  11000 cells, 904s, {"MULTIPLE":40,"UNIQUE":24,"UNDECIDED":9020}
  11200 cells, 928s, {"MULTIPLE":89,"UNIQUE":24,"UNDECIDED":9131}
  11400 cells, 952s, {"MULTIPLE":108,"UNIQUE":24,"UNDECIDED":9272}
  11600 cells, 979s, {"MULTIPLE":211,"UNIQUE":24,"UNDECIDED":9329}
  11800 cells, 1005s, {"MULTIPLE":298,"UNIQUE":24,"UNDECIDED":9402}
  12000 cells, 1030s, {"MULTIPLE":351,"UNIQUE":24,"UNDECIDED":9509}
  12200 cells, 1057s, {"MULTIPLE":488,"UNIQUE":24,"UNDECIDED":9532}
  12400 cells, 1083s, {"MULTIPLE":576,"UNIQUE":24,"UNDECIDED":9604}
  12600 cells, 1108s, {"MULTIPLE":654,"UNIQUE":24,"UNDECIDED":9686}
  12800 cells, 1135s, {"MULTIPLE":814,"UNIQUE":24,"UNDECIDED":9686}
  13000 cells, 1161s, {"MULTIPLE":905,"UNIQUE":24,"UNDECIDED":9755}
  13200 cells, 1186s, {"MULTIPLE":1008,"UNIQUE":24,"UNDECIDED":9812}
  13400 cells, 1213s, {"MULTIPLE":1168,"UNIQUE":24,"UNDECIDED":9812}
  13600 cells, 1239s, {"MULTIPLE":1283,"UNIQUE":24,"UNDECIDED":9857}
  13800 cells, 1266s, {"MULTIPLE":1411,"UNIQUE":24,"UNDECIDED":9889}
  14000 cells, 1293s, {"MULTIPLE":1571,"UNIQUE":24,"UNDECIDED":9889}
  14200 cells, 1319s, {"MULTIPLE":1712,"UNIQUE":24,"UNDECIDED":9908}
  14400 cells, 1345s, {"MULTIPLE":1865,"UNIQUE":24,"UNDECIDED":9915}
  14600 cells, 1372s, {"MULTIPLE":2025,"UNIQUE":24,"UNDECIDED":9915}
  14800 cells, 1398s, {"MULTIPLE":2185,"UNIQUE":24,"UNDECIDED":9915}
  15000 cells, 1425s, {"MULTIPLE":2345,"UNIQUE":24,"UNDECIDED":9915}
  15200 cells, 1451s, {"MULTIPLE":2505,"UNIQUE":24,"UNDECIDED":9915}
  15400 cells, 1478s, {"MULTIPLE":2665,"UNIQUE":24,"UNDECIDED":9915}
  15600 cells, 1505s, {"MULTIPLE":2825,"UNIQUE":24,"UNDECIDED":9915}
  15800 cells, 1532s, {"MULTIPLE":2985,"UNIQUE":24,"UNDECIDED":9915}
  16000 cells, 1559s, {"MULTIPLE":3145,"UNIQUE":24,"UNDECIDED":9915}
  16200 cells, 1586s, {"MULTIPLE":3305,"UNIQUE":24,"UNDECIDED":9915}
  16400 cells, 1614s, {"MULTIPLE":3465,"UNIQUE":24,"UNDECIDED":9915}
  16600 cells, 1641s, {"MULTIPLE":3625,"UNIQUE":24,"UNDECIDED":9915}
  16800 cells, 1669s, {"MULTIPLE":3788,"UNIQUE":24,"UNDECIDED":9915}
  17000 cells, 1697s, {"MULTIPLE":3971,"UNIQUE":24,"UNDECIDED":9915}
  17200 cells, 1724s, {"MULTIPLE":4171,"UNIQUE":24,"UNDECIDED":9915}
  17400 cells, 1752s, {"MULTIPLE":4371,"UNIQUE":24,"UNDECIDED":9915}
  17600 cells, 1780s, {"MULTIPLE":4571,"UNIQUE":24,"UNDECIDED":9915}
  17800 cells, 1808s, {"MULTIPLE":4771,"UNIQUE":24,"UNDECIDED":9915}
  18000 cells, 1836s, {"MULTIPLE":4971,"UNIQUE":24,"UNDECIDED":9915}
  18200 cells, 1867s, {"MULTIPLE":5171,"UNIQUE":24,"UNDECIDED":9915}
  18400 cells, 1895s, {"MULTIPLE":5371,"UNIQUE":24,"UNDECIDED":9915}
  18600 cells, 1923s, {"MULTIPLE":5571,"UNIQUE":24,"UNDECIDED":9915}
  18800 cells, 1950s, {"MULTIPLE":5771,"UNIQUE":24,"UNDECIDED":9915}
  19000 cells, 1978s, {"MULTIPLE":5971,"UNIQUE":24,"UNDECIDED":9915}
  19200 cells, 2005s, {"MULTIPLE":6171,"UNIQUE":24,"UNDECIDED":9915}
  19400 cells, 2033s, {"MULTIPLE":6371,"UNIQUE":24,"UNDECIDED":9915}
  19600 cells, 2061s, {"MULTIPLE":6571,"UNIQUE":24,"UNDECIDED":9915}
  19800 cells, 2089s, {"MULTIPLE":6771,"UNIQUE":24,"UNDECIDED":9915}
  20000 cells, 2117s, {"MULTIPLE":6971,"UNIQUE":24,"UNDECIDED":9915}
  20200 cells, 2146s, {"MULTIPLE":7171,"UNIQUE":24,"UNDECIDED":9915}
  20400 cells, 2175s, {"MULTIPLE":7371,"UNIQUE":24,"UNDECIDED":9915}
  20600 cells, 2203s, {"MULTIPLE":7571,"UNIQUE":24,"UNDECIDED":9915}
  20800 cells, 2232s, {"MULTIPLE":7771,"UNIQUE":24,"UNDECIDED":9915}
  21000 cells, 2261s, {"MULTIPLE":7971,"UNIQUE":24,"UNDECIDED":9915}
  21200 cells, 2291s, {"MULTIPLE":8171,"UNIQUE":24,"UNDECIDED":9915}
  21400 cells, 2320s, {"MULTIPLE":8371,"UNIQUE":24,"UNDECIDED":9915}
  21600 cells, 2349s, {"MULTIPLE":8571,"UNIQUE":24,"UNDECIDED":9915}
  21800 cells, 2379s, {"MULTIPLE":8771,"UNIQUE":24,"UNDECIDED":9915}
  22000 cells, 2408s, {"MULTIPLE":8971,"UNIQUE":24,"UNDECIDED":9915}
  22200 cells, 2438s, {"MULTIPLE":9171,"UNIQUE":24,"UNDECIDED":9915}
  22400 cells, 2468s, {"MULTIPLE":9371,"UNIQUE":24,"UNDECIDED":9915}
  22600 cells, 2498s, {"MULTIPLE":9571,"UNIQUE":24,"UNDECIDED":9915}
  22800 cells, 2528s, {"MULTIPLE":9771,"UNIQUE":24,"UNDECIDED":9915}
  23000 cells, 2557s, {"MULTIPLE":9971,"UNIQUE":24,"UNDECIDED":9915}
  23200 cells, 2587s, {"MULTIPLE":10171,"UNIQUE":24,"UNDECIDED":9915}
  23400 cells, 2617s, {"MULTIPLE":10371,"UNIQUE":24,"UNDECIDED":9915}
  23600 cells, 2646s, {"MULTIPLE":10571,"UNIQUE":24,"UNDECIDED":9915}
  23800 cells, 2676s, {"MULTIPLE":10771,"UNIQUE":24,"UNDECIDED":9915}
  24000 cells, 2706s, {"MULTIPLE":10971,"UNIQUE":24,"UNDECIDED":9915}
  24200 cells, 2736s, {"MULTIPLE":11171,"UNIQUE":24,"UNDECIDED":9915}
  24400 cells, 2765s, {"MULTIPLE":11371,"UNIQUE":24,"UNDECIDED":9915}
  24600 cells, 2795s, {"MULTIPLE":11571,"UNIQUE":24,"UNDECIDED":9915}
counts {"MULTIPLE":11628,"UNIQUE":24,"UNDECIDED":9915}
area identity: HOLDS (22.500000 vs 22.500000)
wrote /Users/carlostoledo/Documents/cert-machine/certs/mfg2p-regime-map.json  sha256 f32ea32506af5e9a
